index-D6dTft4J.js:68 Search error ReferenceError: SIMULATOR_URL is not defined
    at index-D6dTft4J.js:68:54463
(anonymous)	@	index-D6dTft4J.js:68
setTimeout		
(anonymous)	@	index-D6dTft4J.js:68
Rc	@	index-D6dTft4J.js:8
wl	@	index-D6dTft4J.js:8
Cl	@	index-D6dTft4J.js:8
wl	@	index-D6dTft4J.js:8
Cl	@	index-D6dTft4J.js:8
wl	@	index-D6dTft4J.js:8
Cl	@	index-D6dTft4J.js:8
wl	@	index-D6dTft4J.js:8
Cl	@	index-D6dTft4J.js:8
wl	@	index-D6dTft4J.js:8
Cl	@	index-D6dTft4J.js:8
wl	@	index-D6dTft4J.js:8
Cl	@	index-D6dTft4J.js:8
wl	@	index-D6dTft4J.js:8
Hu	@	index-D6dTft4J.js:8
Vu	@	index-D6dTft4J.js:8
zu	@	index-D6dTft4J.js:8
Iu	@	index-D6dTft4J.js:8
gu	@	index-D6dTft4J.js:8
hu	@	index-D6dTft4J.js:8
ld	@	index-D6dTft4J.js:8
id	@	index-D6dTft4J.js:8
yu	@	index-D6dTft4J.js:8
tn	@	index-D6dTft4J.js:8
wd	@	index-D6dTft4J.js:8
up	@	index-D6dTft4J.js:9
cp	@	index-D6dTft4J.js:9